Compilaci├│n iniciada a las 07/03/2026 02:55:11 a. m..
     1>Proyecto "C:\DSAap\DSA.slnx" en el nodo 1 (Restore destinos).
     1>ValidateSolutionConfiguration:
         Compilando la configuraci├│n de soluciones "Debug|Any CPU".
       _GetAllRestoreProjectPathItems:
         Determinando los proyectos que se van a restaurar...
       Restore:
         La validaci├│n de la cadena de certificados X.509 utilizar├í el almac├®n de confianza predeterminado seleccionado por .NET para la firma de c├│digo.
         La validaci├│n de la cadena de certificados X.509 utilizar├í el almac├®n de confianza predeterminado seleccionado por .NET para la marca de tiempo.
         El archivo de recursos no ha cambiado, as├¡ que se omitir├í su escritura. Ruta de acceso: C:\DSAap\DSA.Domain\obj\project.assets.json
         Se ha restaurado C:\DSAap\DSA.Domain\DSA.Domain.csproj (en 57 ms).
         El archivo de recursos no ha cambiado, as├¡ que se omitir├í su escritura. Ruta de acceso: C:\DSAap\DSA.Application\obj\project.assets.json
         El archivo de recursos no ha cambiado, as├¡ que se omitir├í su escritura. Ruta de acceso: C:\DSAap\DSA.Infrastructure\obj\project.assets.json
         Se ha restaurado C:\DSAap\DSA.Application\DSA.Application.csproj (en 65 ms).
         Se ha restaurado C:\DSAap\DSA.Infrastructure\DSA.Infrastructure.csproj (en 65 ms).
         El archivo de recursos no ha cambiado, as├¡ que se omitir├í su escritura. Ruta de acceso: C:\DSAap\DSA.Presentation\obj\project.assets.json
         Se ha restaurado C:\DSAap\DSA.Presentation\DSA.Presentation.csproj (en 65 ms).
         
         Archivos de NuGet Config usados:
             C:\Users\jlang\AppData\Roaming\NuGet\NuGet.Config
             C:\Program Files (x86)\NuGet\Config\Microsoft.VisualStudio.FallbackLocation.config
             C:\Program Files (x86)\NuGet\Config\Microsoft.VisualStudio.Offline.config
         
         Fuentes usadas:
             https://api.nuget.org/v3/index.json
             C:\Program Files (x86)\Microsoft SDKs\NuGetPackages\
         Todos los proyectos est├ín actualizados para la restauraci├│n.
     1>Compilaci├│n del proyecto terminada "C:\DSAap\DSA.slnx" (Restore destinos).
   1:2>Proyecto "C:\DSAap\DSA.slnx" en nodo 1 (destinos predeterminados).
     1>ValidateSolutionConfiguration:
         Compilando la configuraci├│n de soluciones "Debug|Any CPU".
   1:2>El proyecto "C:\DSAap\DSA.slnx" (1:2) est├í compilando "C:\DSAap\DSA.Domain\DSA.Domain.csproj" (2:8) en el nodo 3 (destinos predeterminados).
     2>GenerateTargetFrameworkMonikerAttribute:
       Se omitir├í el destino "GenerateTargetFrameworkMonikerAttribute" porque todos los archivos de salida est├ín actualizados respecto a los archivos de entrada.
       CoreGenerateAssemblyInfo:
       Se omitir├í el destino "CoreGenerateAssemblyInfo" porque todos los archivos de salida est├ín actualizados respecto a los archivos de entrada.
       _GenerateSourceLinkFile:
         El archivo de Source Link 'obj\Debug\net8.0\DSA.Domain.sourcelink.json' est├í actualizado.
       CoreCompile:
       Se omitir├í el destino "CoreCompile" porque todos los archivos de salida est├ín actualizados respecto a los archivos de entrada.
       GenerateBuildDependencyFile:
       Se omitir├í el destino "GenerateBuildDependencyFile" porque todos los archivos de salida est├ín actualizados respecto a los archivos de entrada.
       CopyFilesToOutputDirectory:
         DSA.Domain -> C:\DSAap\DSA.Domain\bin\Debug\net8.0\DSA.Domain.dll
     2>Compilaci├│n del proyecto terminada "C:\DSAap\DSA.Domain\DSA.Domain.csproj" (destinos predeterminados).
   1:2>El proyecto "C:\DSAap\DSA.slnx" (1:2) est├í compilando "C:\DSAap\DSA.Application\DSA.Application.csproj" (5:8) en el nodo 1 (destinos predeterminados).
     5>GenerateTargetFrameworkMonikerAttribute:
       Se omitir├í el destino "GenerateTargetFrameworkMonikerAttribute" porque todos los archivos de salida est├ín actualizados respecto a los archivos de entrada.
       CoreGenerateAssemblyInfo:
       Se omitir├í el destino "CoreGenerateAssemblyInfo" porque todos los archivos de salida est├ín actualizados respecto a los archivos de entrada.
       _GenerateSourceLinkFile:
         El archivo de Source Link 'obj\Debug\net8.0\DSA.Application.sourcelink.json' est├í actualizado.
       CoreCompile:
       Se omitir├í el destino "CoreCompile" porque todos los archivos de salida est├ín actualizados respecto a los archivos de entrada.
       GenerateBuildDependencyFile:
       Se omitir├í el destino "GenerateBuildDependencyFile" porque todos los archivos de salida est├ín actualizados respecto a los archivos de entrada.
       CopyFilesToOutputDirectory:
         DSA.Application -> C:\DSAap\DSA.Application\bin\Debug\net8.0\DSA.Application.dll
     5>Compilaci├│n del proyecto terminada "C:\DSAap\DSA.Application\DSA.Application.csproj" (destinos predeterminados).
   1:2>El proyecto "C:\DSAap\DSA.slnx" (1:2) est├í compilando "C:\DSAap\DSA.Infrastructure\DSA.Infrastructure.csproj" (3:7) en el nodo 4 (destinos predeterminados).
     3>GenerateTargetFrameworkMonikerAttribute:
       Se omitir├í el destino "GenerateTargetFrameworkMonikerAttribute" porque todos los archivos de salida est├ín actualizados respecto a los archivos de entrada.
       CoreGenerateAssemblyInfo:
       Se omitir├í el destino "CoreGenerateAssemblyInfo" porque todos los archivos de salida est├ín actualizados respecto a los archivos de entrada.
       _GenerateSourceLinkFile:
         El archivo de Source Link 'obj\Debug\net8.0-windows10.0.19041.0\DSA.Infrastructure.sourcelink.json' est├í actualizado.
       CoreCompile:
       Se omitir├í el destino "CoreCompile" porque todos los archivos de salida est├ín actualizados respecto a los archivos de entrada.
       GenerateBuildDependencyFile:
       Se omitir├í el destino "GenerateBuildDependencyFile" porque todos los archivos de salida est├ín actualizados respecto a los archivos de entrada.
       CopyFilesToOutputDirectory:
         DSA.Infrastructure -> C:\DSAap\DSA.Infrastructure\bin\Debug\net8.0-windows10.0.19041.0\DSA.Infrastructure.dll
     3>Compilaci├│n del proyecto terminada "C:\DSAap\DSA.Infrastructure\DSA.Infrastructure.csproj" (destinos predeterminados).
   1:2>El proyecto "C:\DSAap\DSA.slnx" (1:2) est├í compilando "C:\DSAap\DSA.Presentation\DSA.Presentation.csproj" (4:6) en el nodo 2 (destinos predeterminados).
     4>MarkupCompilePass1:
         "C:\Users\jlang\.nuget\packages\microsoft.windowsappsdk\1.5.240311000\buildTransitive\..\tools\net6.0\..\net472\XamlCompiler.exe" "obj\Debug\net8.0-windows10.0.19041.0\\input.json" "obj\Debug\net8.0-windows10.0.19041.0\\output.json"
     4>C:\Users\jlang\.nuget\packages\microsoft.windowsappsdk\1.5.240311000\buildTransitive\Microsoft.UI.Xaml.Markup.Compiler.interop.targets(590,9): error MSB3073: El comando ""C:\Users\jlang\.nuget\packages\microsoft.windowsappsdk\1.5.240311000\buildTransitive\..\tools\net6.0\..\net472\XamlCompiler.exe" "obj\Debug\net8.0-windows10.0.19041.0\\input.json" "obj\Debug\net8.0-windows10.0.19041.0\\output.json"" sali├│ con el c├│digo 1. [C:\DSAap\DSA.Presentation\DSA.Presentation.csproj]
     4>Compilaci├│n del proyecto terminada "C:\DSAap\DSA.Presentation\DSA.Presentation.csproj" (destinos predeterminados) -- ERROR.
     1>Compilaci├│n del proyecto terminada "C:\DSAap\DSA.slnx" (destinos predeterminados) -- ERROR.

ERROR al compilar.

       "C:\DSAap\DSA.slnx" (destino predeterminado) (1:2) ->
       "C:\DSAap\DSA.Presentation\DSA.Presentation.csproj" (destino predeterminado) (4:6) ->
       (MarkupCompilePass1 destino) -> 
         C:\Users\jlang\.nuget\packages\microsoft.windowsappsdk\1.5.240311000\buildTransitive\Microsoft.UI.Xaml.Markup.Compiler.interop.targets(590,9): error MSB3073: El comando ""C:\Users\jlang\.nuget\packages\microsoft.windowsappsdk\1.5.240311000\buildTransitive\..\tools\net6.0\..\net472\XamlCompiler.exe" "obj\Debug\net8.0-windows10.0.19041.0\\input.json" "obj\Debug\net8.0-windows10.0.19041.0\\output.json"" sali├│ con el c├│digo 1. [C:\DSAap\DSA.Presentation\DSA.Presentation.csproj]

    0 Advertencia(s)
    1 Errores

Tiempo transcurrido 00:00:05.99
